// Jest Snapshot v1, https://goo.gl/fbAQLP

exports[`NoteImage renders correctly 1`] = `
ShallowWrapper {
  Symbol(enzyme.__root__): [Circular],
  Symbol(enzyme.__unrendered__): <NoteImage
    colors={
      Array [
        Object {
          "color": "#E84747",
          "id": 0,
        },
      ]
    }
    note={
      Object {
        "color": 0,
        "created": 1551593220000,
        "id": 1,
        "size": "s",
        "tags": Array [
          0,
        ],
        "text": "Купить чайник с Bluetooth
Видел у Xiaomi на днях",
        "type": "text",
      }
    }
  />,
  Symbol(enzyme.__renderer__): Object {
    "batchedUpdates": [Function],
    "checkPropTypes": [Function],
    "getNode": [Function],
    "render": [Function],
    "simulateError": [Function],
    "simulateEvent": [Function],
    "unmount": [Function],
  },
  Symbol(enzyme.__node__): Object {
    "instance": null,
    "key": undefined,
    "nodeType": "host",
    "props": Object {
      "children": Array [
        <div
          className="note__image"
        >
          <picture>
            <source
              media="(max-width: 320px)"
              srcSet="https://via.placeholder.com/320"
            />
            <source
              media="(max-width: 465px)"
              srcSet="https://via.placeholder.com/465"
            />
            <source
              media="(max-width: 650px)"
              srcSet="https://via.placeholder.com/650"
            />
            <img
              alt="Изображение"
              src="https://via.placeholder.com/1020"
            />
          </picture>
        </div>,
        <UNDEFINED
          note={
            Object {
              "color": 0,
              "created": 1551593220000,
              "id": 1,
              "size": "s",
              "tags": Array [
                0,
              ],
              "text": "Купить чайник с Bluetooth
Видел у Xiaomi на днях",
              "type": "text",
            }
          }
        />,
      ],
      "className": "note__main note__main_image",
      "style": Object {
        "backgroundColor": "rgb(246,181,181)",
      },
    },
    "ref": null,
    "rendered": Array [
      Object {
        "instance": null,
        "key": undefined,
        "nodeType": "host",
        "props": Object {
          "children": <picture>
            <source
              media="(max-width: 320px)"
              srcSet="https://via.placeholder.com/320"
            />
            <source
              media="(max-width: 465px)"
              srcSet="https://via.placeholder.com/465"
            />
            <source
              media="(max-width: 650px)"
              srcSet="https://via.placeholder.com/650"
            />
            <img
              alt="Изображение"
              src="https://via.placeholder.com/1020"
            />
          </picture>,
          "className": "note__image",
        },
        "ref": null,
        "rendered": Object {
          "instance": null,
          "key": undefined,
          "nodeType": "host",
          "props": Object {
            "children": Array [
              <source
                media="(max-width: 320px)"
                srcSet="https://via.placeholder.com/320"
              />,
              <source
                media="(max-width: 465px)"
                srcSet="https://via.placeholder.com/465"
              />,
              <source
                media="(max-width: 650px)"
                srcSet="https://via.placeholder.com/650"
              />,
              <img
                alt="Изображение"
                src="https://via.placeholder.com/1020"
              />,
            ],
          },
          "ref": null,
          "rendered": Array [
            Object {
              "instance": null,
              "key": undefined,
              "nodeType": "host",
              "props": Object {
                "media": "(max-width: 320px)",
                "srcSet": "https://via.placeholder.com/320",
              },
              "ref": null,
              "rendered": null,
              "type": "source",
            },
            Object {
              "instance": null,
              "key": undefined,
              "nodeType": "host",
              "props": Object {
                "media": "(max-width: 465px)",
                "srcSet": "https://via.placeholder.com/465",
              },
              "ref": null,
              "rendered": null,
              "type": "source",
            },
            Object {
              "instance": null,
              "key": undefined,
              "nodeType": "host",
              "props": Object {
                "media": "(max-width: 650px)",
                "srcSet": "https://via.placeholder.com/650",
              },
              "ref": null,
              "rendered": null,
              "type": "source",
            },
            Object {
              "instance": null,
              "key": undefined,
              "nodeType": "host",
              "props": Object {
                "alt": "Изображение",
                "src": "https://via.placeholder.com/1020",
              },
              "ref": null,
              "rendered": null,
              "type": "img",
            },
          ],
          "type": "picture",
        },
        "type": "div",
      },
      Object {
        "instance": null,
        "key": undefined,
        "nodeType": "function",
        "props": Object {
          "note": Object {
            "color": 0,
            "created": 1551593220000,
            "id": 1,
            "size": "s",
            "tags": Array [
              0,
            ],
            "text": "Купить чайник с Bluetooth
Видел у Xiaomi на днях",
            "type": "text",
          },
        },
        "ref": null,
        "rendered": null,
        "type": Object {
          "$$typeof": Symbol(react.memo),
          "WrappedComponent": [Function],
          "compare": null,
          "displayName": "Connect(NoteFooter)",
          "type": [Function],
          Symbol(Symbol.hasInstance): [Function],
        },
      },
    ],
    "type": "div",
  },
  Symbol(enzyme.__nodes__): Array [
    Object {
      "instance": null,
      "key": undefined,
      "nodeType": "host",
      "props": Object {
        "children": Array [
          <div
            className="note__image"
          >
            <picture>
              <source
                media="(max-width: 320px)"
                srcSet="https://via.placeholder.com/320"
              />
              <source
                media="(max-width: 465px)"
                srcSet="https://via.placeholder.com/465"
              />
              <source
                media="(max-width: 650px)"
                srcSet="https://via.placeholder.com/650"
              />
              <img
                alt="Изображение"
                src="https://via.placeholder.com/1020"
              />
            </picture>
          </div>,
          <UNDEFINED
            note={
              Object {
                "color": 0,
                "created": 1551593220000,
                "id": 1,
                "size": "s",
                "tags": Array [
                  0,
                ],
                "text": "Купить чайник с Bluetooth
Видел у Xiaomi на днях",
                "type": "text",
              }
            }
          />,
        ],
        "className": "note__main note__main_image",
        "style": Object {
          "backgroundColor": "rgb(246,181,181)",
        },
      },
      "ref": null,
      "rendered": Array [
        Object {
          "instance": null,
          "key": undefined,
          "nodeType": "host",
          "props": Object {
            "children": <picture>
              <source
                media="(max-width: 320px)"
                srcSet="https://via.placeholder.com/320"
              />
              <source
                media="(max-width: 465px)"
                srcSet="https://via.placeholder.com/465"
              />
              <source
                media="(max-width: 650px)"
                srcSet="https://via.placeholder.com/650"
              />
              <img
                alt="Изображение"
                src="https://via.placeholder.com/1020"
              />
            </picture>,
            "className": "note__image",
          },
          "ref": null,
          "rendered": Object {
            "instance": null,
            "key": undefined,
            "nodeType": "host",
            "props": Object {
              "children": Array [
                <source
                  media="(max-width: 320px)"
                  srcSet="https://via.placeholder.com/320"
                />,
                <source
                  media="(max-width: 465px)"
                  srcSet="https://via.placeholder.com/465"
                />,
                <source
                  media="(max-width: 650px)"
                  srcSet="https://via.placeholder.com/650"
                />,
                <img
                  alt="Изображение"
                  src="https://via.placeholder.com/1020"
                />,
              ],
            },
            "ref": null,
            "rendered": Array [
              Object {
                "instance": null,
                "key": undefined,
                "nodeType": "host",
                "props": Object {
                  "media": "(max-width: 320px)",
                  "srcSet": "https://via.placeholder.com/320",
                },
                "ref": null,
                "rendered": null,
                "type": "source",
              },
              Object {
                "instance": null,
                "key": undefined,
                "nodeType": "host",
                "props": Object {
                  "media": "(max-width: 465px)",
                  "srcSet": "https://via.placeholder.com/465",
                },
                "ref": null,
                "rendered": null,
                "type": "source",
              },
              Object {
                "instance": null,
                "key": undefined,
                "nodeType": "host",
                "props": Object {
                  "media": "(max-width: 650px)",
                  "srcSet": "https://via.placeholder.com/650",
                },
                "ref": null,
                "rendered": null,
                "type": "source",
              },
              Object {
                "instance": null,
                "key": undefined,
                "nodeType": "host",
                "props": Object {
                  "alt": "Изображение",
                  "src": "https://via.placeholder.com/1020",
                },
                "ref": null,
                "rendered": null,
                "type": "img",
              },
            ],
            "type": "picture",
          },
          "type": "div",
        },
        Object {
          "instance": null,
          "key": undefined,
          "nodeType": "function",
          "props": Object {
            "note": Object {
              "color": 0,
              "created": 1551593220000,
              "id": 1,
              "size": "s",
              "tags": Array [
                0,
              ],
              "text": "Купить чайник с Bluetooth
Видел у Xiaomi на днях",
              "type": "text",
            },
          },
          "ref": null,
          "rendered": null,
          "type": Object {
            "$$typeof": Symbol(react.memo),
            "WrappedComponent": [Function],
            "compare": null,
            "displayName": "Connect(NoteFooter)",
            "type": [Function],
            Symbol(Symbol.hasInstance): [Function],
          },
        },
      ],
      "type": "div",
    },
  ],
  Symbol(enzyme.__options__): Object {
    "adapter": ReactSixteenAdapter {
      "options": Object {
        "enableComponentDidUpdateOnSetState": true,
        "legacyContextMode": "parent",
        "lifecycles": Object {
          "componentDidUpdate": Object {
            "onSetState": true,
          },
          "getChildContext": Object {
            "calledByRenderer": false,
          },
          "getDerivedStateFromError": true,
          "getDerivedStateFromProps": Object {
            "hasShouldComponentUpdateBug": false,
          },
          "getSnapshotBeforeUpdate": true,
          "setState": Object {
            "skipsComponentDidUpdateOnNullish": true,
          },
        },
      },
    },
  },
}
`;
